// Jest Snapshot v1, https://goo.gl/fbAQLP

exports[` renders List component 1`] = `
<View>
  <FlatList
    ListHeaderComponent={
      <Header
        title="Test Header component."
      />
    }
    data={
      [
        {
          "id": "1",
          "name": "Test Item name",
        },
      ]
    }
    keyExtractor={[Function]}
    renderItem={[Function]}
  />
</View>
`;
