// Jest Snapshot v1, https://goo.gl/fbAQLP

exports[`TodoListDataLayer should render 1`] = `
<TodoList
  insets={{}}
  onItemPress={[Function]}
/>
`;
