// Jest Snapshot v1, https://goo.gl/fbAQLP

exports[`TodoDataLayer should render 1`] = `<Todo />`;
