// Jest Snapshot v1, https://goo.gl/fbAQLP

exports[`ListPageDataLayer should render 1`] = `<ListPage />`;
