// Jest Snapshot v1, https://goo.gl/fbAQLP

exports[` renders Loading component 1`] = `
<ForwardRef>
  <View>
    <Text>
      Loading . . .
    </Text>
  </View>
</ForwardRef>
`;
